Microchip MPLAB XC8 Compiler V2.31

Linker command line:

-W-3 --edf=C:\Program Files\Microchip\xc8\v2.31\pic\dat\en_msgs.txt -cn \
  -h+dist/default/production\Port_o_Eletr_nico.X.production.sym \
  --cmf=dist/default/production\Port_o_Eletr_nico.X.production.cmf -z \
  -Q16F628A -oC:\Users\charl\AppData\Local\Temp\s4b0.2 \
  --defsym=__MPLAB_BUILD=1 \
  -Mdist/default/production/Port_o_Eletr_nico.X.production.map -E1 \
  -ver=XC8 Compiler --acfsm=1493 -ASTACK=0A0h-0EFh -pstack=STACK \
  -ACODE=00h-07FFh -ASTRCODE=00h-07FFh -ASTRING=00h-0FFhx8 \
  -ACONST=00h-0FFhx8 -AENTRY=00h-0FFhx8 -ACOMMON=070h-07Fh \
  -ABANK0=020h-06Fh -ABANK1=0A0h-0EFh -ABANK2=0120h-014Fh \
  -ARAM=020h-06Fh,0A0h-0EFh,0120h-014Fh \
  -AABS1=020h-07Fh,0A0h-0EFh,0120h-014Fh -ASFR0=00h-01Fh -ASFR1=080h-09Fh \
  -ASFR2=0100h-011Fh -ASFR3=0180h-01EFh -ACONFIG=02007h-02007h -DCONFIG=2 \
  -AIDLOC=02000h-02003h -DIDLOC=2 -AEEDATA=00h-07Fh/02100h \
  -peeprom_data=EEDATA -DEEDATA=2 -DCODE=2 -DSTRCODE=2 -DSTRING=2 -DCONST=2 \
  -DENTRY=2 -preset_vec=00h,intentry,init,end_init -ppowerup=CODE \
  -pcinit=CODE -pfunctab=ENTRY -k C:\Users\charl\AppData\Local\Temp\s4b0.o \
  dist/default/production\Port_o_Eletr_nico.X.production.o 

Object code version is 3.11

Machine type is 16F628A



                Name                               Link     Load   Length Selector   Space Scale
C:\Users\charl\AppData\Local\Temp\s4b0.o
                end_init                              0        0        1        0       0
                config                             2007     2007        1        0       4
dist/default/production\Port_o_Eletr_nico.X.production.o
                cinit                               7F6      7F6        A      FEC       0
                config                             2007     2007        1        0       4
                text16                              5A1      5A1       11      A1E       0
                text15                              221      221       20      442       0
                text14                              2AA      2AA       27      554       0
                text13                              241      241       22      482       0
                text12                              263      263       22      4C6       0
                text11                              202      202       1F      404       0
                text10                              1ED      1ED       15      3DA       0
                text9                               354      354       AC      6A8       0
                text8                               50F      50F       4B      A1E       0
                text7                               285      285       25      50A       0
                text6                               55A      55A       47      A1E       0
                text5                               2D1      2D1       29      5A2       0
                text4                               2FA      2FA       2A      5F4       0
                text3                               5B2      5B2      112      B64       0
                text2                               1E0      1E0        D      3C0       0
                text1                               324      324       30      648       0
                maintext                            6C4      6C4      132      D88       0
                cstackBANK0                          20       20       27       20       1
                cstackCOMMON                         70       70        D       70       1
                dataBANK0                            47       47        4       20       1
                stringtext                          400      400      10F        8       0
                idataBANK0                          1DC      1DC        4      3B8       0

TOTAL           Name                               Link     Load   Length     Space
        CLASS   STACK          

        CLASS   CODE           
                end_init                              0        0        1         0
                cinit                               7F6      7F6        A         0
                text16                              5A1      5A1       11         0
                text15                              221      221       20         0
                text14                              2AA      2AA       27         0
                text13                              241      241       22         0
                text12                              263      263       22         0
                text11                              202      202       1F         0
                text10                              1ED      1ED       15         0
                text9                               354      354       AC         0
                text8                               50F      50F       4B         0
                text7                               285      285       25         0
                text6                               55A      55A       47         0
                text5                               2D1      2D1       29         0
                text4                               2FA      2FA       2A         0
                text3                               5B2      5B2      112         0
                text2                               1E0      1E0        D         0
                text1                               324      324       30         0
                maintext                            6C4      6C4      132         0
                idataBANK0                          1DC      1DC        4         0

        CLASS   STRCODE        
                stringtext                          400      400      10F         0

        CLASS   STRING         

        CLASS   CONST          

        CLASS   ENTRY          

        CLASS   COMMON         
                cstackCOMMON                         70       70        D         1

        CLASS   BANK0          
                cstackBANK0                          20       20       27         1
                dataBANK0                            47       47        4         1

        CLASS   BANK1          

        CLASS   BANK2          

        CLASS   RAM            

        CLASS   ABS1           
                abs_s1                               7E       7E        2         1

        CLASS   SFR0           

        CLASS   SFR1           

        CLASS   SFR2           

        CLASS   SFR3           

        CLASS   CONFIG         
                config                             2007     2007        1         4

        CLASS   IDLOC          

        CLASS   EEDATA         

        CLASS   BANK3          



SEGMENTS        Name                           Load    Length   Top    Selector   Space  Class     Delta

                reset_vec                      000000  000001  000001         0       0  CODE        2
                cstackBANK0                    000020  00002B  00004B        20       1  BANK0       1
                cstackCOMMON                   000070  00000D  00007D        70       1  COMMON      1
                idataBANK0                     0001DC  000004  0001E0       3B8       0  CODE        2
                text2                          0001E0  00000D  0001ED       3C0       0  CODE        2
                text10                         0001ED  000015  000202       3DA       0  CODE        2
                text11                         000202  00001F  000221       404       0  CODE        2
                text15                         000221  000020  000241       442       0  CODE        2
                text13                         000241  000022  000263       482       0  CODE        2
                text12                         000263  000022  000285       4C6       0  CODE        2
                text7                          000285  000025  0002AA       50A       0  CODE        2
                text14                         0002AA  000027  0002D1       554       0  CODE        2
                text5                          0002D1  000029  0002FA       5A2       0  CODE        2
                text4                          0002FA  00002A  000324       5F4       0  CODE        2
                text1                          000324  000030  000354       648       0  CODE        2
                text9                          000354  0000AC  000400       6A8       0  CODE        2
                stringtext                     000400  00010F  00050F         8       0  STRCODE     2
                text8                          00050F  0000A3  0005B2       A1E       0  CODE        2
                text3                          0005B2  000112  0006C4       B64       0  CODE        2
                maintext                       0006C4  000132  0007F6       D88       0  CODE        2
                cinit                          0007F6  00000A  000800       FEC       0  CODE        2


UNUSED ADDRESS RANGES

        Name                Unused          Largest block    Delta
        BANK0            004B-006F             25           1
        BANK1            00A0-00EF             50           1
        BANK2            0120-014F             30           1
        CODE             0001-01DB            1DB           2
        COMMON           007D-007D              1           1
        CONST            0001-01DB             FF           2
        EEDATA           2100-217F             80           2
        ENTRY            0001-01DB             FF           2
        IDLOC            2000-2003              4           2
        RAM              004B-006F             25           1
                         00A0-00EF             50
                         0120-014F             30
        SFR0             0000-001F             20           1
        SFR1             0080-009F             20           1
        SFR2             0100-011F             20           1
        SFR3             0180-01EF             70           1
        STACK            00A0-00EF             50           1
        STRCODE          0001-01DB            1DB           2
        STRING           0001-01DB             FF           2

                                  Symbol Table

_CMCON                     (abs)        001F
_EEADR                     (abs)        009B
_EECON1                    (abs)        009C
_EECON1bits                (abs)        009C
_EECON2                    (abs)        009D
_EEDATA                    (abs)        009A
_INTCONbits                (abs)        000B
_PORTA                     (abs)        0005
_PORTB                     (abs)        0006
_RA0                       (abs)        0028
_RA1                       (abs)        0029
_RA2                       (abs)        002A
_RB3                       (abs)        0033
_RB4                       (abs)        0034
_RB5                       (abs)        0035
_RB6                       (abs)        0036
_RB7                       (abs)        0037
_STATUSbits                (abs)        0003
_TRISA                     (abs)        0085
_TRISB                     (abs)        0086
__Habs1                    abs1         0000
__Hbank0                   bank0        0000
__Hbank1                   bank1        0000
__Hbank2                   bank2        0000
__Hbank3                   bank3        0000
__Hcinit                   cinit        0800
__Hclrtext                 clrtext      0000
__Hcode                    code         0000
__Hcommon                  common       0000
__Hconfig                  config       2008
__HcstackBANK0             cstackBANK0  0000
__HcstackCOMMON            cstackCOMMON 0000
__HdataBANK0               dataBANK0    0000
__Heeprom_data             eeprom_data  0000
__Hend_init                end_init     0001
__Hfunctab                 functab      0000
__HidataBANK0              idataBANK0   0000
__Hinit                    init         0000
__Hintentry                intentry     0000
__Hmaintext                maintext     0000
__Hpowerup                 powerup      0000
__Hram                     ram          0000
__Hreset_vec               reset_vec    0000
__Hsfr0                    sfr0         0000
__Hsfr1                    sfr1         0000
__Hsfr2                    sfr2         0000
__Hsfr3                    sfr3         0000
__Hspace_0                 (abs)        0800
__Hspace_1                 (abs)        007D
__Hspace_2                 (abs)        0000
__Hspace_3                 (abs)        0000
__Hspace_4                 (abs)        400F
__Hstack                   stack        0000
__Hstrings                 strings      0000
__Hstringtext              stringtext   0000
__Htext                    text         0000
__Labs1                    abs1         0000
__Lbank0                   bank0        0000
__Lbank1                   bank1        0000
__Lbank2                   bank2        0000
__Lbank3                   bank3        0000
__Lcinit                   cinit        07F6
__Lclrtext                 clrtext      0000
__Lcode                    code         0000
__Lcommon                  common       0000
__Lconfig                  config       0000
__LcstackBANK0             cstackBANK0  0000
__LcstackCOMMON            cstackCOMMON 0000
__LdataBANK0               dataBANK0    0000
__Leeprom_data             eeprom_data  0000
__Lend_init                end_init     0000
__Lfunctab                 functab      0000
__LidataBANK0              idataBANK0   0000
__Linit                    init         0000
__Lintentry                intentry     0000
__Lmaintext                maintext     0000
__Lpowerup                 powerup      0000
__Lram                     ram          0000
__Lreset_vec               reset_vec    0000
__Lsfr0                    sfr0         0000
__Lsfr1                    sfr1         0000
__Lsfr2                    sfr2         0000
__Lsfr3                    sfr3         0000
__Lspace_0                 (abs)        0000
__Lspace_1                 (abs)        0000
__Lspace_2                 (abs)        0000
__Lspace_3                 (abs)        0000
__Lspace_4                 (abs)        0000
__Lstack                   stack        0000
__Lstrings                 strings      0000
__Lstringtext              stringtext   0000
__Ltext                    text         0000
__S0                       (abs)        0800
__S1                       (abs)        007D
__S2                       (abs)        0000
__S3                       (abs)        0000
___bmul                    text10       01ED
___bmul@multiplicand       cstackCOMMON 0070
___bmul@multiplier         cstackCOMMON 0073
___bmul@product            cstackCOMMON 0072
___int_sp                  stack        0000
___latbits                 (abs)        0000
___sp                      stack        0000
___stackhi                 (abs)        0000
___stacklo                 (abs)        0000
__end_of___bmul            text10       0202
__end_of__initialization   cinit        07FE
__end_of__stringtab        stringtext   0412
__end_of_configurarPortao  text3        06C4
__end_of_eeprom_read       text16       05B2
__end_of_eeprom_write      text5        02FA
__end_of_entrarPortao      text6        05A1
__end_of_escreverMemoria   text4        0324
__end_of_iniciarMemoria    text2        01ED
__end_of_lcd_cmd           text13       0263
__end_of_lcd_dat           text12       0285
__end_of_lcd_init          text1        0354
__end_of_lcd_str           text11       0221
__end_of_lcd_wr            text14       02D1
__end_of_lerMemoria        text15       0241
__end_of_lerSenha          text8        055A
__end_of_linha             stringtext   0416
__end_of_main              maintext     07F6
__end_of_tc_tecla          text9        0400
__end_of_testeSenha        text7        02AA
__initialization           cinit        07F6
__pcstackBANK0             cstackBANK0  0020
__pcstackCOMMON            cstackCOMMON 0070
__pdataBANK0               dataBANK0    0047
__pidataBANK0              idataBANK0   01DC
__pmaintext                maintext     06C4
__pstringtext              stringtext   0400
__ptext1                   text1        0324
__ptext10                  text10       01ED
__ptext11                  text11       0202
__ptext12                  text12       0263
__ptext13                  text13       0241
__ptext14                  text14       02AA
__ptext15                  text15       0221
__ptext16                  text16       05A1
__ptext2                   text2        01E0
__ptext3                   text3        05B2
__ptext4                   text4        02FA
__ptext5                   text5        02D1
__ptext6                   text6        055A
__ptext7                   text7        0285
__ptext8                   text8        050F
__ptext9                   text9        0354
__size_of___bmul           (abs)        0000
__size_of_configurarPortao (abs)        0000
__size_of_eeprom_read      (abs)        0000
__size_of_eeprom_write     (abs)        0000
__size_of_entrarPortao     (abs)        0000
__size_of_escreverMemoria  (abs)        0000
__size_of_iniciarMemoria   (abs)        0000
__size_of_lcd_cmd          (abs)        0000
__size_of_lcd_dat          (abs)        0000
__size_of_lcd_init         (abs)        0000
__size_of_lcd_str          (abs)        0000
__size_of_lcd_wr           (abs)        0000
__size_of_lerMemoria       (abs)        0000
__size_of_lerSenha         (abs)        0000
__size_of_main             (abs)        0000
__size_of_tc_tecla         (abs)        0000
__size_of_testeSenha       (abs)        0000
__stringbase               stringtext   0412
__stringtab                stringtext   0400
_configurarPortao          text3        05B2
_eeprom_read               text16       05A1
_eeprom_write              text5        02D1
_entrarPortao              text6        055A
_escreverMemoria           text4        02FA
_iniciarMemoria            text2        01E0
_lcd_cmd                   text13       0241
_lcd_dat                   text12       0263
_lcd_init                  text1        0324
_lcd_str                   text11       0202
_lcd_wr                    text14       02AA
_lerMemoria                text15       0221
_lerSenha                  text8        050F
_linha                     stringtext   0412
_main                      maintext     06C4
_tc_tecla                  text9        0354
_testeSenha                text7        0285
btemp                      (abs)        007E
configurarPortao@op        cstackBANK0  003F
configurarPortao@pin1      cstackBANK0  0036
configurarPortao@pin2      cstackBANK0  003A
configurarPortao@teclaX    cstackBANK0  0040
configurarPortao@x         cstackBANK0  003E
eeprom_read@addr           cstackCOMMON 0071
eeprom_write@addr          cstackCOMMON 0072
eeprom_write@value         cstackCOMMON 0070
end_of_initialization      cinit        07FE
entrarPortao@pin           cstackBANK0  0029
entrarPortao@pin1          cstackBANK0  002D
entrarPortao@teclaX        cstackBANK0  0032
entrarPortao@x             cstackBANK0  0031
escreverMemoria@i          cstackCOMMON 0076
escreverMemoria@j          cstackCOMMON 0078
escreverMemoria@pin        cstackCOMMON 0077
iniciarMemoria@F611        dataBANK0    0047
iniciarMemoria@pin         cstackCOMMON 0079
intlevel0                  functab      0000
intlevel1                  functab      0000
intlevel2                  functab      0000
intlevel3                  functab      0000
intlevel4                  functab      0000
intlevel5                  functab      0000
lcd_cmd@val                cstackCOMMON 0075
lcd_dat@val                cstackCOMMON 0075
lcd_str@i                  cstackCOMMON 0079
lcd_str@str                cstackCOMMON 0076
lcd_wr@i                   cstackCOMMON 0072
lcd_wr@val                 cstackCOMMON 0071
lerMemoria@i               cstackCOMMON 0076
lerMemoria@j               cstackCOMMON 0077
lerMemoria@pin             cstackCOMMON 0075
lerSenha@i                 cstackBANK0  0025
lerSenha@pin1              cstackBANK0  0023
lerSenha@teclaX            cstackBANK0  0024
main@i                     cstackBANK0  0046
main@teclaX                cstackBANK0  0045
main@x                     cstackBANK0  0044
reset_vec                  reset_vec    0000
start                      init         0000
start_initialization       cinit        07F6
tc_tecla@i                 cstackCOMMON 007C
tc_tecla@ret               cstackCOMMON 007B
tc_tecla@timeout           cstackCOMMON 0074
tc_tecla@tmp               cstackCOMMON 007A
testeSenha@i               cstackCOMMON 0076
testeSenha@pin1            cstackCOMMON 0075
testeSenha@pin2            cstackCOMMON 0070
testeSenha@x               cstackCOMMON 0074
wtemp0                     (abs)        007E


FUNCTION INFORMATION:

 *************** function _main *****************
 Defined at:
		line 38 in file "PORTAO_ELETRONICO.c"
 Parameters:    Size  Location     Type
		None
 Auto vars:     Size  Location     Type
  i               1   38[BANK0 ] unsigned char 
  teclaX          1   37[BANK0 ] unsigned char 
  x               1   36[BANK0 ] unsigned char 
 Return value:  Size  Location     Type
                  1    wreg      void 
 Registers used:
		wreg, fsr0l, fsr0h, status,2, status,0, btemp+1, pclath, cstack
 Tracked objects:
		On entry : 
		On exit  : 
		Unchanged: 
 Data sizes:     COMMON   BANK0   BANK1   BANK2
      Params:         0       0       0       0
      Locals:         0       3       0       0
      Temps:          0       3       0       0
      Totals:         0       6       0       0
Total ram usage:        6 bytes
 Hardware stack levels required when called:    6
 This function calls:
		_configurarPortao
		_entrarPortao
		_iniciarMemoria
		_lcd_cmd
		_lcd_init
		_lcd_str
		_tc_tecla
 This function is called by:
		Startup code after reset
 This function uses a non-reentrant model


 *************** function _lcd_init *****************
 Defined at:
		line 60 in file "lcd.c"
 Parameters:    Size  Location     Type
		None
 Auto vars:     Size  Location     Type
		None
 Return value:  Size  Location     Type
                  1    wreg      void 
 Registers used:
		wreg, status,2, status,0, pclath, cstack
 Tracked objects:
		On entry : 
		On exit  : 
		Unchanged: 
 Data sizes:     COMMON   BANK0   BANK1   BANK2
      Params:         0       0       0       0
      Locals:         0       0       0       0
      Temps:          2       0       0       0
      Totals:         2       0       0       0
Total ram usage:        2 bytes
 Hardware stack levels used:    1
 Hardware stack levels required when called:    2
 This function calls:
		_lcd_cmd
 This function is called by:
		_main
 This function uses a non-reentrant model


 *************** function _iniciarMemoria *****************
 Defined at:
		line 225 in file "funcoes_Portao.c"
 Parameters:    Size  Location     Type
		None
 Auto vars:     Size  Location     Type
  pin             4    9[COMMON] unsigned char [4]
 Return value:  Size  Location     Type
                  1    wreg      void 
 Registers used:
		wreg, fsr0l, fsr0h, status,2, status,0, pclath, cstack
 Tracked objects:
		On entry : 
		On exit  : 
		Unchanged: 
 Data sizes:     COMMON   BANK0   BANK1   BANK2
      Params:         0       0       0       0
      Locals:         4       0       0       0
      Temps:          0       0       0       0
      Totals:         4       0       0       0
Total ram usage:        4 bytes
 Hardware stack levels used:    1
 Hardware stack levels required when called:    2
 This function calls:
		_escreverMemoria
 This function is called by:
		_main
 This function uses a non-reentrant model


 *************** function _configurarPortao *****************
 Defined at:
		line 60 in file "funcoes_Portao.c"
 Parameters:    Size  Location     Type
		None
 Auto vars:     Size  Location     Type
  pin2            4   26[BANK0 ] unsigned char [4]
  pin1            4   22[BANK0 ] unsigned char [4]
  teclaX          1   32[BANK0 ] unsigned char 
  op              1   31[BANK0 ] unsigned char 
  x               1   30[BANK0 ] unsigned char 
 Return value:  Size  Location     Type
                  1    wreg      void 
 Registers used:
		wreg, fsr0l, fsr0h, status,2, status,0, btemp+1, pclath, cstack
 Tracked objects:
		On entry : 
		On exit  : 
		Unchanged: 
 Data sizes:     COMMON   BANK0   BANK1   BANK2
      Params:         0       0       0       0
      Locals:         0      11       0       0
      Temps:          0       3       0       0
      Totals:         0      14       0       0
Total ram usage:       14 bytes
 Hardware stack levels used:    1
 Hardware stack levels required when called:    5
 This function calls:
		_entrarPortao
		_escreverMemoria
		_lcd_cmd
		_lcd_str
		_lerSenha
		_tc_tecla
		_testeSenha
 This function is called by:
		_main
 This function uses a non-reentrant model


 *************** function _escreverMemoria *****************
 Defined at:
		line 238 in file "funcoes_Portao.c"
 Parameters:    Size  Location     Type
  pin             1    wreg     PTR PTR unsigned char 
		 -> iniciarMemoria@pin(4), configurarPortao@pin2(4), 
 Auto vars:     Size  Location     Type
  pin             1    7[COMMON] PTR PTR unsigned char 
		 -> iniciarMemoria@pin(4), configurarPortao@pin2(4), 
  j               1    8[COMMON] unsigned char 
  i               1    6[COMMON] unsigned char 
  pos             1    0        unsigned char 
 Return value:  Size  Location     Type
                  1    wreg      void 
 Registers used:
		wreg, fsr0l, fsr0h, status,2, status,0, pclath, cstack
 Tracked objects:
		On entry : 
		On exit  : 
		Unchanged: 
 Data sizes:     COMMON   BANK0   BANK1   BANK2
      Params:         0       0       0       0
      Locals:         4       0       0       0
      Temps:          2       0       0       0
      Totals:         6       0       0       0
Total ram usage:        6 bytes
 Hardware stack levels used:    1
 Hardware stack levels required when called:    1
 This function calls:
		_eeprom_write
 This function is called by:
		_configurarPortao
		_iniciarMemoria
 This function uses a non-reentrant model


 *************** function _eeprom_write *****************
 Defined at:
		line 6 in file "C:\Program Files\Microchip\xc8\v2.31\pic\sources\c90\pic\__eewrite.c"
 Parameters:    Size  Location     Type
  addr            1    wreg     unsigned char 
  value           1    0[COMMON] unsigned char 
 Auto vars:     Size  Location     Type
  addr            1    2[COMMON] unsigned char 
 Return value:  Size  Location     Type
                  1    wreg      void 
 Registers used:
		wreg, status,2, status,0
 Tracked objects:
		On entry : 
		On exit  : 
		Unchanged: 
 Data sizes:     COMMON   BANK0   BANK1   BANK2
      Params:         1       0       0       0
      Locals:         1       0       0       0
      Temps:          1       0       0       0
      Totals:         3       0       0       0
Total ram usage:        3 bytes
 Hardware stack levels used:    1
 This function calls:
		Nothing
 This function is called by:
		_escreverMemoria
 This function uses a non-reentrant model


 *************** function _entrarPortao *****************
 Defined at:
		line 5 in file "funcoes_Portao.c"
 Parameters:    Size  Location     Type
		None
 Auto vars:     Size  Location     Type
  pin1            4   13[BANK0 ] unsigned char [4]
  pin             4    9[BANK0 ] unsigned char [4]
  teclaX          1   18[BANK0 ] unsigned char 
  x               1   17[BANK0 ] unsigned char 
  i               1    0        unsigned char 
 Return value:  Size  Location     Type
                  1    wreg      unsigned char 
 Registers used:
		wreg, fsr0l, fsr0h, status,2, status,0, btemp+1, pclath, cstack
 Tracked objects:
		On entry : 
		On exit  : 
		Unchanged: 
 Data sizes:     COMMON   BANK0   BANK1   BANK2
      Params:         0       0       0       0
      Locals:         0      10       0       0
      Temps:          0       3       0       0
      Totals:         0      13       0       0
Total ram usage:       13 bytes
 Hardware stack levels used:    1
 Hardware stack levels required when called:    4
 This function calls:
		_lcd_cmd
		_lcd_str
		_lerMemoria
		_lerSenha
		_tc_tecla
		_testeSenha
 This function is called by:
		_main
		_configurarPortao
 This function uses a non-reentrant model


 *************** function _testeSenha *****************
 Defined at:
		line 190 in file "funcoes_Portao.c"
 Parameters:    Size  Location     Type
  pin1            1    wreg     PTR PTR unsigned char 
		 -> configurarPortao@pin1(4), entrarPortao@pin(4), 
  pin2            1    0[COMMON] PTR PTR unsigned char 
		 -> configurarPortao@pin2(4), entrarPortao@pin1(4), 
 Auto vars:     Size  Location     Type
  pin1            1    5[COMMON] PTR PTR unsigned char 
		 -> configurarPortao@pin1(4), entrarPortao@pin(4), 
  i               1    6[COMMON] unsigned char 
  x               1    4[COMMON] unsigned char 
 Return value:  Size  Location     Type
                  1    wreg      unsigned char 
 Registers used:
		wreg, fsr0l, fsr0h, status,2, status,0
 Tracked objects:
		On entry : 
		On exit  : 
		Unchanged: 
 Data sizes:     COMMON   BANK0   BANK1   BANK2
      Params:         1       0       0       0
      Locals:         3       0       0       0
      Temps:          3       0       0       0
      Totals:         7       0       0       0
Total ram usage:        7 bytes
 Hardware stack levels used:    1
 This function calls:
		Nothing
 This function is called by:
		_entrarPortao
		_configurarPortao
 This function uses a non-reentrant model


 *************** function _lerSenha *****************
 Defined at:
		line 204 in file "funcoes_Portao.c"
 Parameters:    Size  Location     Type
  pin1            1    wreg     PTR unsigned char 
		 -> configurarPortao@pin2(4), configurarPortao@pin1(4), entrarPortao@pin1(4), 
 Auto vars:     Size  Location     Type
  pin1            1    3[BANK0 ] PTR unsigned char 
		 -> configurarPortao@pin2(4), configurarPortao@pin1(4), entrarPortao@pin1(4), 
  i               1    5[BANK0 ] unsigned char 
  teclaX          1    4[BANK0 ] unsigned char 
 Return value:  Size  Location     Type
                  1    wreg      void 
 Registers used:
		wreg, fsr0l, fsr0h, status,2, status,0, btemp+1, pclath, cstack
 Tracked objects:
		On entry : 
		On exit  : 
		Unchanged: 
 Data sizes:     COMMON   BANK0   BANK1   BANK2
      Params:         0       0       0       0
      Locals:         0       3       0       0
      Temps:          0       3       0       0
      Totals:         0       6       0       0
Total ram usage:        6 bytes
 Hardware stack levels used:    1
 Hardware stack levels required when called:    3
 This function calls:
		_lcd_cmd
		_lcd_str
		_tc_tecla
 This function is called by:
		_entrarPortao
		_configurarPortao
 This function uses a non-reentrant model


 *************** function _tc_tecla *****************
 Defined at:
		line 26 in file "teclado.c"
 Parameters:    Size  Location     Type
  timeout         2    4[COMMON] unsigned int 
 Auto vars:     Size  Location     Type
  to              2    0        unsigned int 
  i               1   12[COMMON] unsigned char 
  ret             1   11[COMMON] unsigned char 
  tmp             1   10[COMMON] unsigned char 
 Return value:  Size  Location     Type
                  1    wreg      unsigned char 
 Registers used:
		wreg, fsr0l, fsr0h, status,2, status,0, btemp+1, pclath, cstack
 Tracked objects:
		On entry : 
		On exit  : 
		Unchanged: 
 Data sizes:     COMMON   BANK0   BANK1   BANK2
      Params:         2       0       0       0
      Locals:         5       0       0       0
      Temps:          2       0       0       0
      Totals:         9       0       0       0
Total ram usage:        9 bytes
 Hardware stack levels used:    1
 Hardware stack levels required when called:    1
 This function calls:
		___bmul
 This function is called by:
		_main
		_entrarPortao
		_configurarPortao
		_lerSenha
 This function uses a non-reentrant model


 *************** function ___bmul *****************
 Defined at:
		line 4 in file "C:\Program Files\Microchip\xc8\v2.31\pic\sources\c90\common\Umul8.c"
 Parameters:    Size  Location     Type
  multiplier      1    wreg     unsigned char 
  multiplicand    1    0[COMMON] unsigned char 
 Auto vars:     Size  Location     Type
  multiplier      1    3[COMMON] unsigned char 
  product         1    2[COMMON] unsigned char 
 Return value:  Size  Location     Type
                  1    wreg      unsigned char 
 Registers used:
		wreg, status,2, status,0
 Tracked objects:
		On entry : 
		On exit  : 
		Unchanged: 
 Data sizes:     COMMON   BANK0   BANK1   BANK2
      Params:         1       0       0       0
      Locals:         2       0       0       0
      Temps:          1       0       0       0
      Totals:         4       0       0       0
Total ram usage:        4 bytes
 Hardware stack levels used:    1
 This function calls:
		Nothing
 This function is called by:
		_tc_tecla
 This function uses a non-reentrant model


 *************** function _lcd_str *****************
 Defined at:
		line 79 in file "lcd.c"
 Parameters:    Size  Location     Type
  str             2    6[COMMON] PTR const unsigned char 
		 -> STR_22(2), STR_21(5), STR_20(13), STR_19(12), 
		 -> STR_18(9), STR_17(10), STR_16(12), STR_15(8), 
		 -> STR_14(17), STR_13(17), STR_12(15), STR_11(14), 
		 -> STR_10(14), STR_9(11), STR_8(11), STR_7(13), 
		 -> STR_6(16), STR_5(15), STR_4(18), STR_3(16), 
		 -> STR_2(12), STR_1(17), 
 Auto vars:     Size  Location     Type
  i               1    9[COMMON] unsigned char 
 Return value:  Size  Location     Type
                  1    wreg      void 
 Registers used:
		wreg, fsr0l, fsr0h, status,2, status,0, btemp+1, pclath, cstack
 Tracked objects:
		On entry : 
		On exit  : 
		Unchanged: 
 Data sizes:     COMMON   BANK0   BANK1   BANK2
      Params:         2       0       0       0
      Locals:         1       0       0       0
      Temps:          1       0       0       0
      Totals:         4       0       0       0
Total ram usage:        4 bytes
 Hardware stack levels used:    1
 Hardware stack levels required when called:    2
 This function calls:
		_lcd_dat
 This function is called by:
		_main
		_entrarPortao
		_configurarPortao
		_lerSenha
 This function uses a non-reentrant model


 *************** function _lcd_dat *****************
 Defined at:
		line 49 in file "lcd.c"
 Parameters:    Size  Location     Type
  val             1    wreg     unsigned char 
 Auto vars:     Size  Location     Type
  val             1    5[COMMON] unsigned char 
 Return value:  Size  Location     Type
                  1    wreg      void 
 Registers used:
		wreg, status,2, status,0, pclath, cstack
 Tracked objects:
		On entry : 
		On exit  : 
		Unchanged: 
 Data sizes:     COMMON   BANK0   BANK1   BANK2
      Params:         0       0       0       0
      Locals:         1       0       0       0
      Temps:          2       0       0       0
      Totals:         3       0       0       0
Total ram usage:        3 bytes
 Hardware stack levels used:    1
 Hardware stack levels required when called:    1
 This function calls:
		_lcd_wr
 This function is called by:
		_lcd_str
 This function uses a non-reentrant model


 *************** function _lcd_cmd *****************
 Defined at:
		line 38 in file "lcd.c"
 Parameters:    Size  Location     Type
  val             1    wreg     unsigned char 
 Auto vars:     Size  Location     Type
  val             1    5[COMMON] unsigned char 
 Return value:  Size  Location     Type
                  1    wreg      void 
 Registers used:
		wreg, status,2, status,0, pclath, cstack
 Tracked objects:
		On entry : 
		On exit  : 
		Unchanged: 
 Data sizes:     COMMON   BANK0   BANK1   BANK2
      Params:         0       0       0       0
      Locals:         1       0       0       0
      Temps:          2       0       0       0
      Totals:         3       0       0       0
Total ram usage:        3 bytes
 Hardware stack levels used:    1
 Hardware stack levels required when called:    1
 This function calls:
		_lcd_wr
 This function is called by:
		_lcd_init
		_main
		_entrarPortao
		_configurarPortao
		_lerSenha
 This function uses a non-reentrant model


 *************** function _lcd_wr *****************
 Defined at:
		line 24 in file "lcd.c"
 Parameters:    Size  Location     Type
  val             1    wreg     unsigned char 
 Auto vars:     Size  Location     Type
  val             1    1[COMMON] unsigned char 
  i               1    2[COMMON] unsigned char 
 Return value:  Size  Location     Type
                  1    wreg      void 
 Registers used:
		wreg, status,2, status,0
 Tracked objects:
		On entry : 
		On exit  : 
		Unchanged: 
 Data sizes:     COMMON   BANK0   BANK1   BANK2
      Params:         0       0       0       0
      Locals:         2       0       0       0
      Temps:          1       0       0       0
      Totals:         3       0       0       0
Total ram usage:        3 bytes
 Hardware stack levels used:    1
 This function calls:
		Nothing
 This function is called by:
		_lcd_cmd
		_lcd_dat
 This function uses a non-reentrant model


 *************** function _lerMemoria *****************
 Defined at:
		line 230 in file "funcoes_Portao.c"
 Parameters:    Size  Location     Type
  pin             1    wreg     PTR unsigned char 
		 -> entrarPortao@pin(4), 
 Auto vars:     Size  Location     Type
  pin             1    5[COMMON] PTR unsigned char 
		 -> entrarPortao@pin(4), 
  j               1    7[COMMON] unsigned char 
  i               1    6[COMMON] unsigned char 
  pos             1    0        unsigned char 
 Return value:  Size  Location     Type
                  1    wreg      void 
 Registers used:
		wreg, fsr0l, fsr0h, status,2, status,0, pclath, cstack
 Tracked objects:
		On entry : 
		On exit  : 
		Unchanged: 
 Data sizes:     COMMON   BANK0   BANK1   BANK2
      Params:         0       0       0       0
      Locals:         4       0       0       0
      Temps:          2       0       0       0
      Totals:         6       0       0       0
Total ram usage:        6 bytes
 Hardware stack levels used:    1
 Hardware stack levels required when called:    1
 This function calls:
		_eeprom_read
 This function is called by:
		_entrarPortao
 This function uses a non-reentrant model


 *************** function _eeprom_read *****************
 Defined at:
		line 6 in file "C:\Program Files\Microchip\xc8\v2.31\pic\sources\c90\pic\__eeread.c"
 Parameters:    Size  Location     Type
  addr            1    wreg     unsigned char 
 Auto vars:     Size  Location     Type
  addr            1    1[COMMON] unsigned char 
 Return value:  Size  Location     Type
                  1    wreg      unsigned char 
 Registers used:
		wreg, status,2, status,0
 Tracked objects:
		On entry : 
		On exit  : 
		Unchanged: 
 Data sizes:     COMMON   BANK0   BANK1   BANK2
      Params:         0       0       0       0
      Locals:         1       0       0       0
      Temps:          1       0       0       0
      Totals:         2       0       0       0
Total ram usage:        2 bytes
 Hardware stack levels used:    1
 This function calls:
		Nothing
 This function is called by:
		_lerMemoria
 This function uses a non-reentrant model



MODULE INFORMATION

Module		Function		Class		Link	Load	Size
teclado.c
		_tc_tecla      		CODE           	0354	0000	172

teclado.c estimated size: 172

C:\Program Files\Microchip\xc8\v2.31\pic\sources\c90\pic\__eewrite.c
		_eeprom_write  		CODE           	02D1	0000	41

C:\Program Files\Microchip\xc8\v2.31\pic\sources\c90\pic\__eewrite.c estimated size: 41

funcoes_Portao.c
		_configurarPortao		CODE           	05B2	0000	274
		_lerMemoria    		CODE           	0221	0000	32
		_lerSenha      		CODE           	050F	0000	75
		_entrarPortao  		CODE           	055A	0000	71
		_escreverMemoria		CODE           	02FA	0000	42
		_iniciarMemoria		CODE           	01E0	0000	13
		_testeSenha    		CODE           	0285	0000	37

funcoes_Portao.c estimated size: 544

shared
		__stringtab    		STRCODE        	0400	0000	18
		__initialization		CODE           	07F6	0000	8
		_linha         		STRCODE        	0412	0000	4

shared estimated size: 30

C:\Program Files\Microchip\xc8\v2.31\pic\sources\c90\pic\__eeread.c
		_eeprom_read   		CODE           	05A1	0000	17

C:\Program Files\Microchip\xc8\v2.31\pic\sources\c90\pic\__eeread.c estimated size: 17

C:\Program Files\Microchip\xc8\v2.31\pic\sources\c90\common\Umul8.c
		___bmul        		CODE           	01ED	0000	21

C:\Program Files\Microchip\xc8\v2.31\pic\sources\c90\common\Umul8.c estimated size: 21

lcd.c
		_lcd_cmd       		CODE           	0241	0000	34
		_lcd_dat       		CODE           	0263	0000	34
		_lcd_wr        		CODE           	02AA	0000	39
		_lcd_str       		CODE           	0202	0000	31
		_lcd_init      		CODE           	0324	0000	48

lcd.c estimated size: 186

PORTAO_ELETRONICO.c
		_main          		CODE           	06C4	0000	306

PORTAO_ELETRONICO.c estimated size: 306

