Microchip MPLAB XC8 Compiler V2.31

Linker command line:

-W-3 --edf=C:\Program Files\Microchip\xc8\v2.31\pic\dat\en_msgs.txt -cn \
  -h+dist/default/production\parte_b_1.X.production.sym \
  --cmf=dist/default/production\parte_b_1.X.production.cmf -z -Q16F877A \
  -oC:\Users\charl\AppData\Local\Temp\s9j8.2 --defsym=__MPLAB_BUILD=1 \
  -Mdist/default/production/parte_b_1.X.production.map -E1 \
  -ver=XC8 Compiler --acfsm=1493 -ASTACK=0110h-016Fh -pstack=STACK \
  -ACODE=00h-07FFhx4 -ASTRCODE=00h-01FFFh -ASTRING=00h-0FFhx32 \
  -ACONST=00h-0FFhx32 -AENTRY=00h-0FFhx32 -ACOMMON=070h-07Fh \
  -ABANK0=020h-06Fh -ABANK1=0A0h-0EFh -ABANK2=0110h-016Fh \
  -ABANK3=0190h-01EFh -ARAM=020h-06Fh,0A0h-0EFh,0110h-016Fh,0190h-01EFh \
  -AABS1=020h-07Fh,0A0h-0EFh,0110h-016Fh,0190h-01EFh -ASFR0=00h-01Fh \
  -ASFR1=080h-09Fh -ASFR2=0100h-010Fh -ASFR3=0180h-018Fh \
  -ACONFIG=02007h-02007h -DCONFIG=2 -AIDLOC=02000h-02003h -DIDLOC=2 \
  -AEEDATA=00h-0FFh/02100h -peeprom_data=EEDATA -DEEDATA=2 -DCODE=2 \
  -DSTRCODE=2 -DSTRING=2 -DCONST=2 -DENTRY=2 \
  -preset_vec=00h,intentry,init,end_init -ppowerup=CODE -pcinit=CODE \
  -pfunctab=ENTRY -k C:\Users\charl\AppData\Local\Temp\s9j8.o \
  dist/default/production\parte_b_1.X.production.o 

Object code version is 3.11

Machine type is 16F877A



                Name                               Link     Load   Length Selector   Space Scale
C:\Users\charl\AppData\Local\Temp\s9j8.o
                end_init                              0        0        3        0       0
                config                             2007     2007        1        0       4
dist/default/production\parte_b_1.X.production.o
                cinit                               7FC      7FC        4      FF8       0
                config                             2007     2007        1        0       4
                text2                               7A4      7A4       27      F48       0
                text1                               7CB      7CB       31      F96       0
                maintext                            781      781       23      F02       0
                cstackCOMMON                         70       70        3       70       1
                strings                               3        3       40        6       0

TOTAL           Name                               Link     Load   Length     Space
        CLASS   STACK          

        CLASS   CODE           
                end_init                              0        0        3         0
                cinit                               7FC      7FC        4         0
                text2                               7A4      7A4       27         0
                text1                               7CB      7CB       31         0
                maintext                            781      781       23         0

        CLASS   STRCODE        

        CLASS   STRING         
                strings                               3        3       40         0

        CLASS   CONST          

        CLASS   ENTRY          

        CLASS   COMMON         
                cstackCOMMON                         70       70        3         1

        CLASS   BANK0          

        CLASS   BANK1          

        CLASS   BANK2          

        CLASS   BANK3          

        CLASS   RAM            

        CLASS   ABS1           
                abs_s1                               7E       7E        2         1

        CLASS   SFR0           

        CLASS   SFR1           

        CLASS   SFR2           

        CLASS   SFR3           

        CLASS   CONFIG         
                config                             2007     2007        1         4

        CLASS   IDLOC          

        CLASS   EEDATA         



SEGMENTS        Name                           Load    Length   Top    Selector   Space  Class     Delta

                reset_vec                      000000  000003  000003         0       0  CODE        2
                strings                        000003  000040  000043         6       0  STRING      2
                cstackCOMMON                   000070  000003  000073        70       1  COMMON      1
                maintext                       000781  000023  0007A4       F02       0  CODE        2
                text2                          0007A4  000027  0007CB       F48       0  CODE        2
                text1                          0007CB  000031  0007FC       F96       0  CODE        2
                cinit                          0007FC  000004  000800       FF8       0  CODE        2


UNUSED ADDRESS RANGES

        Name                Unused          Largest block    Delta
        BANK0            0020-006F             50           1
        BANK1            00A0-00EF             50           1
        BANK2            0110-016F             60           1
        BANK3            0190-01EF             60           1
        CODE             0043-0780            73E           2
                         0800-1FFF            800
        COMMON           0073-007D              B           1
        CONST            0043-0780            100           2
                         0800-1FFF            100
        EEDATA           2100-21FF            100           2
        ENTRY            0043-0780            100           2
                         0800-1FFF            100
        IDLOC            2000-2003              4           2
        RAM              0020-006F             50           1
                         00A0-00EF             50
                         0110-016F             60
                         0190-01EF             60
        SFR0             0000-001F             20           1
        SFR1             0080-009F             20           1
        SFR2             0100-010F             10           1
        SFR3             0180-018F             10           1
        STACK            0110-016F             60           1
        STRCODE          0043-0780            73E           2
                         0800-1FFF           1800
        STRING           0043-0780            100           2
                         0800-1FFF            100

                                  Symbol Table

_INTCONbits                    (abs)        000B
_PIE1bits                      (abs)        008C
_PIR1bits                      (abs)        000C
_PORTB                         (abs)        0006
_PORTBbits                     (abs)        0006
_RCSTAbits                     (abs)        0018
_TRISB                         (abs)        0086
_TRISBbits                     (abs)        0086
_TXREG                         (abs)        0019
_TXSTAbits                     (abs)        0098
__Habs1                        abs1         0000
__Hbank0                       bank0        0000
__Hbank1                       bank1        0000
__Hbank2                       bank2        0000
__Hbank3                       bank3        0000
__Hcinit                       cinit        0800
__Hclrtext                     clrtext      0000
__Hcode                        code         0000
__Hcommon                      common       0000
__Hconfig                      config       2008
__HcstackCOMMON                cstackCOMMON 0000
__Heeprom_data                 eeprom_data  0000
__Hend_init                    end_init     0003
__Hfunctab                     functab      0000
__Hinit                        init         0000
__Hintentry                    intentry     0000
__Hmaintext                    maintext     0000
__Hpowerup                     powerup      0000
__Hram                         ram          0000
__Hreset_vec                   reset_vec    0000
__Hsfr0                        sfr0         0000
__Hsfr1                        sfr1         0000
__Hsfr2                        sfr2         0000
__Hsfr3                        sfr3         0000
__Hspace_0                     (abs)        0800
__Hspace_1                     (abs)        0073
__Hspace_2                     (abs)        0000
__Hspace_3                     (abs)        0000
__Hspace_4                     (abs)        400F
__Hstack                       stack        0000
__Hstrings                     strings      0000
__Htext                        text         0000
__Labs1                        abs1         0000
__Lbank0                       bank0        0000
__Lbank1                       bank1        0000
__Lbank2                       bank2        0000
__Lbank3                       bank3        0000
__Lcinit                       cinit        07FC
__Lclrtext                     clrtext      0000
__Lcode                        code         0000
__Lcommon                      common       0000
__Lconfig                      config       0000
__LcstackCOMMON                cstackCOMMON 0000
__Leeprom_data                 eeprom_data  0000
__Lend_init                    end_init     0000
__Lfunctab                     functab      0000
__Linit                        init         0000
__Lintentry                    intentry     0000
__Lmaintext                    maintext     0000
__Lpowerup                     powerup      0000
__Lram                         ram          0000
__Lreset_vec                   reset_vec    0000
__Lsfr0                        sfr0         0000
__Lsfr1                        sfr1         0000
__Lsfr2                        sfr2         0000
__Lsfr3                        sfr3         0000
__Lspace_0                     (abs)        0000
__Lspace_1                     (abs)        0000
__Lspace_2                     (abs)        0000
__Lspace_3                     (abs)        0000
__Lspace_4                     (abs)        0000
__Lstack                       stack        0000
__Lstrings                     strings      0000
__Ltext                        text         0000
__S0                           (abs)        0800
__S1                           (abs)        0073
__S2                           (abs)        0000
__S3                           (abs)        0000
___int_sp                      stack        0000
___latbits                     (abs)        0002
___sp                          stack        0000
___stackhi                     (abs)        0000
___stacklo                     (abs)        0000
__end_of__initialization       cinit        07FC
__end_of__stringtab            strings      0009
__end_of_main                  maintext     07A4
__end_of_portsObserver         text1        07FC
__end_of_setStringOnSerial     text2        07CB
__initialization               cinit        07FC
__pcstackCOMMON                cstackCOMMON 0070
__pmaintext                    maintext     0781
__pstrings                     strings      0003
__ptext1                       text1        07CB
__ptext2                       text2        07A4
__size_of_main                 (abs)        0000
__size_of_portsObserver        (abs)        0000
__size_of_setStringOnSerial    (abs)        0000
__stringbase                   strings      0008
__stringtab                    strings      0003
_main                          maintext     0781
_portsObserver                 text1        07CB
_setStringOnSerial             text2        07A4
btemp                          (abs)        007E
end_of_initialization          cinit        07FC
intlevel0                      functab      0000
intlevel1                      functab      0000
intlevel2                      functab      0000
intlevel3                      functab      0000
intlevel4                      functab      0000
intlevel5                      functab      0000
reset_vec                      reset_vec    0000
setStringOnSerial@contador     cstackCOMMON 0070
setStringOnSerial@outputString cstackCOMMON 0072
start                          init         0000
start_initialization           cinit        07FC
wtemp0                         (abs)        007E


FUNCTION INFORMATION:

 *************** function _main *****************
 Defined at:
		line 56 in file "parte_b_1.c"
 Parameters:    Size  Location     Type
		None
 Auto vars:     Size  Location     Type
		None
 Return value:  Size  Location     Type
                  1    wreg      void 
 Registers used:
		wreg, fsr0l, fsr0h, status,2, status,0, pclath, cstack
 Tracked objects:
		On entry : 
		On exit  : 
		Unchanged: 
 Data sizes:     COMMON   BANK0   BANK1   BANK3   BANK2
      Params:         0       0       0       0       0
      Locals:         0       0       0       0       0
      Temps:          0       0       0       0       0
      Totals:         0       0       0       0       0
Total ram usage:        0 bytes
 Hardware stack levels required when called:    3
 This function calls:
		_portsObserver
 This function is called by:
		Startup code after reset
 This function uses a non-reentrant model


 *************** function _portsObserver *****************
 Defined at:
		line 34 in file "parte_b_1.c"
 Parameters:    Size  Location     Type
		None
 Auto vars:     Size  Location     Type
		None
 Return value:  Size  Location     Type
                  1    wreg      void 
 Registers used:
		wreg, fsr0l, fsr0h, status,2, status,0, pclath, cstack
 Tracked objects:
		On entry : 
		On exit  : 
		Unchanged: 
 Data sizes:     COMMON   BANK0   BANK1   BANK3   BANK2
      Params:         0       0       0       0       0
      Locals:         0       0       0       0       0
      Temps:          0       0       0       0       0
      Totals:         0       0       0       0       0
Total ram usage:        0 bytes
 Hardware stack levels used:    1
 Hardware stack levels required when called:    2
 This function calls:
		_setStringOnSerial
 This function is called by:
		_main
 This function uses a non-reentrant model


 *************** function _setStringOnSerial *****************
 Defined at:
		line 25 in file "parte_b_1.c"
 Parameters:    Size  Location     Type
  outputString    1    wreg     PTR unsigned char 
		 -> STR_4(13), STR_3(16), STR_2(13), STR_1(16), 
 Auto vars:     Size  Location     Type
  outputString    1    2[COMMON] PTR unsigned char 
		 -> STR_4(13), STR_3(16), STR_2(13), STR_1(16), 
  contador        2    0[COMMON] int 
 Return value:  Size  Location     Type
                  1    wreg      void 
 Registers used:
		wreg, fsr0l, fsr0h, status,2, status,0, pclath
 Tracked objects:
		On entry : 
		On exit  : 
		Unchanged: 
 Data sizes:     COMMON   BANK0   BANK1   BANK3   BANK2
      Params:         0       0       0       0       0
      Locals:         3       0       0       0       0
      Temps:          0       0       0       0       0
      Totals:         3       0       0       0       0
Total ram usage:        3 bytes
 Hardware stack levels used:    2
 This function calls:
		Nothing
 This function is called by:
		_portsObserver
 This function uses a non-reentrant model



MODULE INFORMATION

Module		Function		Class		Link	Load	Size
shared
		__stringtab    		STRING         	0003	0000	6
		__initialization		CODE           	07FC	0000	1

shared estimated size: 7

parte_b_1.c
		_portsObserver 		CODE           	07CB	0000	49
		_setStringOnSerial		CODE           	07A4	0000	39
		_main          		CODE           	0781	0000	35

parte_b_1.c estimated size: 123

