Microchip MPLAB XC8 Compiler V2.31

Linker command line:

-W-3 --edf=C:\Program Files\Microchip\xc8\v2.31\pic\dat\en_msgs.txt -cn \
  -h+dist/default/production\Portao_Eletronico_02.X.production.sym \
  --cmf=dist/default/production\Portao_Eletronico_02.X.production.cmf -z \
  -Q16F877A -oC:\Users\charl\AppData\Local\Temp\s7tg.2 \
  --defsym=__MPLAB_BUILD=1 \
  -Mdist/default/production/Portao_Eletronico_02.X.production.map -E1 \
  -ver=XC8 Compiler --acfsm=1493 -ASTACK=0110h-016Fh -pstack=STACK \
  -ACODE=00h-07FFhx4 -ASTRCODE=00h-01FFFh -ASTRING=00h-0FFhx32 \
  -ACONST=00h-0FFhx32 -AENTRY=00h-0FFhx32 -ACOMMON=070h-07Fh \
  -ABANK0=020h-06Fh -ABANK1=0A0h-0EFh -ABANK2=0110h-016Fh \
  -ABANK3=0190h-01EFh -ARAM=020h-06Fh,0A0h-0EFh,0110h-016Fh,0190h-01EFh \
  -AABS1=020h-07Fh,0A0h-0EFh,0110h-016Fh,0190h-01EFh -ASFR0=00h-01Fh \
  -ASFR1=080h-09Fh -ASFR2=0100h-010Fh -ASFR3=0180h-018Fh \
  -ACONFIG=02007h-02007h -DCONFIG=2 -AIDLOC=02000h-02003h -DIDLOC=2 \
  -AEEDATA=00h-0FFh/02100h -peeprom_data=EEDATA -DEEDATA=2 -DCODE=2 \
  -DSTRCODE=2 -DSTRING=2 -DCONST=2 -DENTRY=2 \
  -preset_vec=00h,intentry,init,end_init -ppowerup=CODE -pcinit=CODE \
  -pfunctab=ENTRY -k C:\Users\charl\AppData\Local\Temp\s7tg.o \
  dist/default/production\Portao_Eletronico_02.X.production.o 

Object code version is 3.11

Machine type is 16F877A



                Name                               Link     Load   Length Selector   Space Scale
C:\Users\charl\AppData\Local\Temp\s7tg.o
                end_init                              0        0        3        0       0
                config                             2007     2007        1        0       4
dist/default/production\Portao_Eletronico_02.X.production.o
                cinit                               7E4      7E4       1C      FC8       0
                config                             2007     2007        1        0       4
                text18                              18F      18F       17      31E       0
                text17                              1A6      1A6       24      34C       0
                text16                              14C      14C        6      298       0
                text15                              1EF      1EF       26      3DE       0
                text14                              215      215       26      42A       0
                text13                              23B      23B       2B      476       0
                text12                              17D      17D       12      2FA       0
                text11                              152      152        C      2A4       0
                text10                              33C      33C       5B      678       0
                text9                               266      266       2B      4CC       0
                text8                               1CA      1CA       25      394       0
                text7                               397      397       8B      72E       0
                text6                               291      291       2D      522       0
                text5                               2BE      2BE       2E      57C       0
                text4                               5BA      5BA      22A      B74       0
                text3                               16C      16C       11      2D8       0
                text2                               2EC      2EC       50      5D8       0
                text1                               15E      15E        E      2BC       0
                maintext                            422      422      198      844       0
                cstackBANK0                          20       20       20       20       1
                cstackCOMMON                         70       70        E       70       1
                dataBANK0                            40       40        4       20       1
                stringtext                          800      800      15C       10       0
                strings                               3        3       12        6       0
                idataBANK0                          148      148        4      290       0

TOTAL           Name                               Link     Load   Length     Space
        CLASS   STACK          

        CLASS   CODE           
                end_init                              0        0        3         0
                cinit                               7E4      7E4       1C         0
                text18                              18F      18F       17         0
                text17                              1A6      1A6       24         0
                text16                              14C      14C        6         0
                text15                              1EF      1EF       26         0
                text14                              215      215       26         0
                text13                              23B      23B       2B         0
                text12                              17D      17D       12         0
                text11                              152      152        C         0
                text10                              33C      33C       5B         0
                text9                               266      266       2B         0
                text8                               1CA      1CA       25         0
                text7                               397      397       8B         0
                text6                               291      291       2D         0
                text5                               2BE      2BE       2E         0
                text4                               5BA      5BA      22A         0
                text3                               16C      16C       11         0
                text2                               2EC      2EC       50         0
                text1                               15E      15E        E         0
                maintext                            422      422      198         0
                idataBANK0                          148      148        4         0

        CLASS   STRCODE        
                stringtext                          800      800      15C         0

        CLASS   STRING         
                strings                               3        3       12         0

        CLASS   CONST          

        CLASS   ENTRY          

        CLASS   COMMON         
                cstackCOMMON                         70       70        E         1

        CLASS   BANK0          
                cstackBANK0                          20       20       20         1
                dataBANK0                            40       40        4         1

        CLASS   BANK1          

        CLASS   BANK2          

        CLASS   BANK3          

        CLASS   RAM            

        CLASS   ABS1           
                abs_s1                               7E       7E        2         1

        CLASS   SFR0           

        CLASS   SFR1           

        CLASS   SFR2           

        CLASS   SFR3           

        CLASS   CONFIG         
                config                             2007     2007        1         4

        CLASS   IDLOC          

        CLASS   EEDATA         



SEGMENTS        Name                           Load    Length   Top    Selector   Space  Class     Delta

                reset_vec                      000000  000003  000003         0       0  CODE        2
                strings                        000003  000012  000015         6       0  STRING      2
                cstackBANK0                    000020  000024  000044        20       1  BANK0       1
                cstackCOMMON                   000070  00000E  00007E        70       1  COMMON      1
                idataBANK0                     000148  000004  00014C       290       0  CODE        2
                text16                         00014C  000006  000152       298       0  CODE        2
                text11                         000152  00000C  00015E       2A4       0  CODE        2
                text1                          00015E  00000E  00016C       2BC       0  CODE        2
                text3                          00016C  000011  00017D       2D8       0  CODE        2
                text12                         00017D  000012  00018F       2FA       0  CODE        2
                text18                         00018F  000017  0001A6       31E       0  CODE        2
                text17                         0001A6  000024  0001CA       34C       0  CODE        2
                text8                          0001CA  000025  0001EF       394       0  CODE        2
                text15                         0001EF  000026  000215       3DE       0  CODE        2
                text14                         000215  000026  00023B       42A       0  CODE        2
                text13                         00023B  00002B  000266       476       0  CODE        2
                text9                          000266  00002B  000291       4CC       0  CODE        2
                text6                          000291  00002D  0002BE       522       0  CODE        2
                text5                          0002BE  00002E  0002EC       57C       0  CODE        2
                text2                          0002EC  000050  00033C       5D8       0  CODE        2
                text10                         00033C  00005B  000397       678       0  CODE        2
                text7                          000397  00008B  000422       72E       0  CODE        2
                maintext                       000422  000198  0005BA       844       0  CODE        2
                text4                          0005BA  00022A  0007E4       B74       0  CODE        2
                cinit                          0007E4  00001C  000800       FC8       0  CODE        2
                stringtext                     000800  00015C  00095C        10       0  STRCODE     2


UNUSED ADDRESS RANGES

        Name                Unused          Largest block    Delta
        BANK0            0044-006F             2C           1
        BANK1            00A0-00EF             50           1
        BANK2            0110-016F             60           1
        BANK3            0190-01EF             60           1
        CODE             0015-0147            133           2
                         095C-1FFF            800
        CONST            0015-0147             EB           2
                         095C-1FFF            100
        EEDATA           2100-21FF            100           2
        ENTRY            0015-0147             EB           2
                         095C-1FFF            100
        IDLOC            2000-2003              4           2
        RAM              0044-006F             2C           1
                         00A0-00EF             50
                         0110-016F             60
                         0190-01EF             60
        SFR0             0000-001F             20           1
        SFR1             0080-009F             20           1
        SFR2             0100-010F             10           1
        SFR3             0180-018F             10           1
        STACK            0110-016F             60           1
        STRCODE          0015-0147            133           2
                         095C-1FFF           16A4
        STRING           0015-0147             EB           2
                         095C-1FFF            100

                                  Symbol Table

_EEADR                     (abs)        010D
_EECON1                    (abs)        018C
_EECON1bits                (abs)        018C
_EECON2                    (abs)        018D
_EEDATA                    (abs)        010C
_INTCONbits                (abs)        000B
_PIR1bits                  (abs)        000C
_PORTBbits                 (abs)        0006
_PORTD                     (abs)        0008
_PORTEbits                 (abs)        0009
_RCREG                     (abs)        001A
_RCSTAbits                 (abs)        0018
_SPBRG                     (abs)        0099
_STATUSbits                (abs)        0003
_TRISCbits                 (abs)        0087
_TRISD                     (abs)        0088
_TRISEbits                 (abs)        0089
_TXREG                     (abs)        0019
_TXSTAbits                 (abs)        0098
__Habs1                    abs1         0000
__Hbank0                   bank0        0000
__Hbank1                   bank1        0000
__Hbank2                   bank2        0000
__Hbank3                   bank3        0000
__Hcinit                   cinit        0800
__Hclrtext                 clrtext      0000
__Hcode                    code         0000
__Hcommon                  common       0000
__Hconfig                  config       2008
__HcstackBANK0             cstackBANK0  0000
__HcstackCOMMON            cstackCOMMON 0000
__HdataBANK0               dataBANK0    0000
__Heeprom_data             eeprom_data  0000
__Hend_init                end_init     0003
__Hfunctab                 functab      0000
__HidataBANK0              idataBANK0   0000
__Hinit                    init         0000
__Hintentry                intentry     0000
__Hmaintext                maintext     0000
__Hpowerup                 powerup      0000
__Hram                     ram          0000
__Hreset_vec               reset_vec    0000
__Hsfr0                    sfr0         0000
__Hsfr1                    sfr1         0000
__Hsfr2                    sfr2         0000
__Hsfr3                    sfr3         0000
__Hspace_0                 (abs)        095C
__Hspace_1                 (abs)        007E
__Hspace_2                 (abs)        0000
__Hspace_3                 (abs)        0000
__Hspace_4                 (abs)        400F
__Hstack                   stack        0000
__Hstrings                 strings      0000
__Hstringtext              stringtext   0000
__Htext                    text         0000
__Labs1                    abs1         0000
__Lbank0                   bank0        0000
__Lbank1                   bank1        0000
__Lbank2                   bank2        0000
__Lbank3                   bank3        0000
__Lcinit                   cinit        07E4
__Lclrtext                 clrtext      0000
__Lcode                    code         0000
__Lcommon                  common       0000
__Lconfig                  config       0000
__LcstackBANK0             cstackBANK0  0000
__LcstackCOMMON            cstackCOMMON 0000
__LdataBANK0               dataBANK0    0000
__Leeprom_data             eeprom_data  0000
__Lend_init                end_init     0000
__Lfunctab                 functab      0000
__LidataBANK0              idataBANK0   0000
__Linit                    init         0000
__Lintentry                intentry     0000
__Lmaintext                maintext     0000
__Lpowerup                 powerup      0000
__Lram                     ram          0000
__Lreset_vec               reset_vec    0000
__Lsfr0                    sfr0         0000
__Lsfr1                    sfr1         0000
__Lsfr2                    sfr2         0000
__Lsfr3                    sfr3         0000
__Lspace_0                 (abs)        0000
__Lspace_1                 (abs)        0000
__Lspace_2                 (abs)        0000
__Lspace_3                 (abs)        0000
__Lspace_4                 (abs)        0000
__Lstack                   stack        0000
__Lstrings                 strings      0000
__Lstringtext              stringtext   0000
__Ltext                    text         0000
__S0                       (abs)        095C
__S1                       (abs)        007E
__S2                       (abs)        0000
__S3                       (abs)        0000
___int_sp                  stack        0000
___latbits                 (abs)        0002
___sp                      stack        0000
___stackhi                 (abs)        0000
___stacklo                 (abs)        0000
__end_of__initialization   cinit        07FC
__end_of__stringtab        strings      0015
__end_of_configurarPortao  text4        07E4
__end_of_eeprom_read       text18       01A6
__end_of_eeprom_write      text6        02BE
__end_of_entrarPortao      text7        0422
__end_of_escreverMemoria   text5        02EC
__end_of_iniciarMemoria    text3        017D
__end_of_lcd_cmd           text15       0215
__end_of_lcd_dat           text14       023B
__end_of_lcd_init          text2        033C
__end_of_lcd_str           text13       0266
__end_of_lcd_wr            text16       0152
__end_of_lerMemoria        text17       01CA
__end_of_lerSenha          text10       0397
__end_of_main              maintext     05BA
__end_of_serial_init       text1        016C
__end_of_serial_rx         text12       018F
__end_of_serial_tx         text11       015E
__end_of_serial_tx_str     text9        0291
__end_of_testeSenha        text8        01EF
__initialization           cinit        07E4
__pcstackBANK0             cstackBANK0  0020
__pcstackCOMMON            cstackCOMMON 0070
__pdataBANK0               dataBANK0    0040
__pidataBANK0              idataBANK0   0148
__pmaintext                maintext     0422
__pstrings                 strings      0003
__pstringtext              stringtext   0800
__ptext1                   text1        015E
__ptext10                  text10       033C
__ptext11                  text11       0152
__ptext12                  text12       017D
__ptext13                  text13       023B
__ptext14                  text14       0215
__ptext15                  text15       01EF
__ptext16                  text16       014C
__ptext17                  text17       01A6
__ptext18                  text18       018F
__ptext2                   text2        02EC
__ptext3                   text3        016C
__ptext4                   text4        05BA
__ptext5                   text5        02BE
__ptext6                   text6        0291
__ptext7                   text7        0397
__ptext8                   text8        01CA
__ptext9                   text9        0266
__size_of_configurarPortao (abs)        0000
__size_of_eeprom_read      (abs)        0000
__size_of_eeprom_write     (abs)        0000
__size_of_entrarPortao     (abs)        0000
__size_of_escreverMemoria  (abs)        0000
__size_of_iniciarMemoria   (abs)        0000
__size_of_lcd_cmd          (abs)        0000
__size_of_lcd_dat          (abs)        0000
__size_of_lcd_init         (abs)        0000
__size_of_lcd_str          (abs)        0000
__size_of_lcd_wr           (abs)        0000
__size_of_lerMemoria       (abs)        0000
__size_of_lerSenha         (abs)        0000
__size_of_main             (abs)        0000
__size_of_serial_init      (abs)        0000
__size_of_serial_rx        (abs)        0000
__size_of_serial_tx        (abs)        0000
__size_of_serial_tx_str    (abs)        0000
__size_of_testeSenha       (abs)        0000
__stringbase               strings      0015
__stringtab                strings      0003
_configurarPortao          text4        05BA
_eeprom_read               text18       018F
_eeprom_write              text6        0291
_entrarPortao              text7        0397
_escreverMemoria           text5        02BE
_iniciarMemoria            text3        016C
_lcd_cmd                   text15       01EF
_lcd_dat                   text14       0215
_lcd_init                  text2        02EC
_lcd_str                   text13       023B
_lcd_wr                    text16       014C
_lerMemoria                text17       01A6
_lerSenha                  text10       033C
_main                      maintext     0422
_serial_init               text1        015E
_serial_rx                 text12       017D
_serial_tx                 text11       0152
_serial_tx_str             text9        0266
_testeSenha                text8        01CA
btemp                      (abs)        007E
configurarPortao@leitura   cstackBANK0  003A
configurarPortao@op        cstackBANK0  0039
configurarPortao@pin1      cstackBANK0  0030
configurarPortao@pin2      cstackBANK0  0034
configurarPortao@x         cstackBANK0  0038
eeprom_read@addr           cstackCOMMON 0071
eeprom_write@addr          cstackCOMMON 0072
eeprom_write@value         cstackCOMMON 0070
end_of_initialization      cinit        07FC
entrarPortao@leitura       cstackBANK0  002C
entrarPortao@pin           cstackBANK0  0023
entrarPortao@pin1          cstackBANK0  0027
entrarPortao@x             cstackBANK0  002B
escreverMemoria@i          cstackCOMMON 0076
escreverMemoria@j          cstackCOMMON 0078
escreverMemoria@pin        cstackCOMMON 0077
iniciarMemoria@F1002       dataBANK0    0040
iniciarMemoria@pin         cstackCOMMON 0079
intlevel0                  functab      0000
intlevel1                  functab      0000
intlevel2                  functab      0000
intlevel3                  functab      0000
intlevel4                  functab      0000
intlevel5                  functab      0000
lcd_cmd@val                cstackCOMMON 0073
lcd_dat@val                cstackCOMMON 0073
lcd_str@i                  cstackCOMMON 0077
lcd_str@str                cstackCOMMON 0074
lcd_wr@val                 cstackCOMMON 0070
lerMemoria@i               cstackCOMMON 0076
lerMemoria@j               cstackCOMMON 0077
lerMemoria@pin             cstackCOMMON 0075
lerSenha@i                 cstackCOMMON 007D
lerSenha@leitura           cstackCOMMON 007C
lerSenha@pin1              cstackCOMMON 007B
main@leitura               cstackBANK0  003F
main@x                     cstackBANK0  003E
reset_vec                  reset_vec    0000
serial_rx@timeout          cstackCOMMON 0070
serial_tx@val              cstackCOMMON 0070
serial_tx_str@i            cstackCOMMON 0074
serial_tx_str@val          cstackCOMMON 0071
start                      init         0000
start_initialization       cinit        07E4
testeSenha@i               cstackCOMMON 0076
testeSenha@pin1            cstackCOMMON 0075
testeSenha@pin2            cstackCOMMON 0070
testeSenha@x               cstackCOMMON 0074
wtemp0                     (abs)        007E


FUNCTION INFORMATION:

 *************** function _main *****************
 Defined at:
		line 38 in file "Portao_Eletronico_02.c"
 Parameters:    Size  Location     Type
		None
 Auto vars:     Size  Location     Type
  leitura         1   31[BANK0 ] unsigned char 
  x               1   30[BANK0 ] unsigned char 
  i               1    0        unsigned char 
 Return value:  Size  Location     Type
                  1    wreg      void 
 Registers used:
		wreg, fsr0l, fsr0h, status,2, status,0, btemp+1, pclath, cstack
 Tracked objects:
		On entry : 
		On exit  : 
		Unchanged: 
 Data sizes:     COMMON   BANK0   BANK1   BANK3   BANK2
      Params:         0       0       0       0       0
      Locals:         0       2       0       0       0
      Temps:          0       3       0       0       0
      Totals:         0       5       0       0       0
Total ram usage:        5 bytes
 Hardware stack levels required when called:    6
 This function calls:
		_configurarPortao
		_entrarPortao
		_iniciarMemoria
		_lcd_cmd
		_lcd_dat
		_lcd_init
		_lcd_str
		_serial_init
		_serial_rx
		_serial_tx
		_serial_tx_str
 This function is called by:
		Startup code after reset
 This function uses a non-reentrant model


 *************** function _serial_init *****************
 Defined at:
		line 23 in file "serial.c"
 Parameters:    Size  Location     Type
		None
 Auto vars:     Size  Location     Type
		None
 Return value:  Size  Location     Type
                  1    wreg      void 
 Registers used:
		wreg
 Tracked objects:
		On entry : 
		On exit  : 
		Unchanged: 
 Data sizes:     COMMON   BANK0   BANK1   BANK3   BANK2
      Params:         0       0       0       0       0
      Locals:         0       0       0       0       0
      Temps:          0       0       0       0       0
      Totals:         0       0       0       0       0
Total ram usage:        0 bytes
 Hardware stack levels used:    1
 This function calls:
		Nothing
 This function is called by:
		_main
 This function uses a non-reentrant model


 *************** function _lcd_init *****************
 Defined at:
		line 51 in file "lcd.c"
 Parameters:    Size  Location     Type
		None
 Auto vars:     Size  Location     Type
		None
 Return value:  Size  Location     Type
                  1    wreg      void 
 Registers used:
		wreg, status,2, status,0, pclath, cstack
 Tracked objects:
		On entry : 
		On exit  : 
		Unchanged: 
 Data sizes:     COMMON   BANK0   BANK1   BANK3   BANK2
      Params:         0       0       0       0       0
      Locals:         0       0       0       0       0
      Temps:          2       0       0       0       0
      Totals:         2       0       0       0       0
Total ram usage:        2 bytes
 Hardware stack levels used:    1
 Hardware stack levels required when called:    2
 This function calls:
		_lcd_cmd
 This function is called by:
		_main
 This function uses a non-reentrant model


 *************** function _iniciarMemoria *****************
 Defined at:
		line 172 in file "funcoes_portao.c"
 Parameters:    Size  Location     Type
		None
 Auto vars:     Size  Location     Type
  pin             4    9[COMMON] unsigned char [4]
 Return value:  Size  Location     Type
                  1    wreg      void 
 Registers used:
		wreg, fsr0l, fsr0h, status,2, status,0, pclath, cstack
 Tracked objects:
		On entry : 
		On exit  : 
		Unchanged: 
 Data sizes:     COMMON   BANK0   BANK1   BANK3   BANK2
      Params:         0       0       0       0       0
      Locals:         4       0       0       0       0
      Temps:          0       0       0       0       0
      Totals:         4       0       0       0       0
Total ram usage:        4 bytes
 Hardware stack levels used:    1
 Hardware stack levels required when called:    2
 This function calls:
		_escreverMemoria
 This function is called by:
		_main
 This function uses a non-reentrant model


 *************** function _configurarPortao *****************
 Defined at:
		line 40 in file "funcoes_portao.c"
 Parameters:    Size  Location     Type
		None
 Auto vars:     Size  Location     Type
  pin2            4   20[BANK0 ] unsigned char [4]
  pin1            4   16[BANK0 ] unsigned char [4]
  leitura         1   26[BANK0 ] unsigned char 
  op              1   25[BANK0 ] unsigned char 
  x               1   24[BANK0 ] unsigned char 
 Return value:  Size  Location     Type
                  1    wreg      void 
 Registers used:
		wreg, fsr0l, fsr0h, status,2, status,0, btemp+1, pclath, cstack
 Tracked objects:
		On entry : 
		On exit  : 
		Unchanged: 
 Data sizes:     COMMON   BANK0   BANK1   BANK3   BANK2
      Params:         0       0       0       0       0
      Locals:         0      11       0       0       0
      Temps:          0       3       0       0       0
      Totals:         0      14       0       0       0
Total ram usage:       14 bytes
 Hardware stack levels used:    1
 Hardware stack levels required when called:    5
 This function calls:
		_entrarPortao
		_escreverMemoria
		_lcd_cmd
		_lcd_str
		_lerSenha
		_serial_rx
		_serial_tx
		_serial_tx_str
		_testeSenha
 This function is called by:
		_main
 This function uses a non-reentrant model


 *************** function _escreverMemoria *****************
 Defined at:
		line 185 in file "funcoes_portao.c"
 Parameters:    Size  Location     Type
  pin             1    wreg     PTR PTR unsigned char 
		 -> iniciarMemoria@pin(4), configurarPortao@pin2(4), 
 Auto vars:     Size  Location     Type
  pin             1    7[COMMON] PTR PTR unsigned char 
		 -> iniciarMemoria@pin(4), configurarPortao@pin2(4), 
  j               1    8[COMMON] unsigned char 
  i               1    6[COMMON] unsigned char 
  pos             1    0        unsigned char 
 Return value:  Size  Location     Type
                  1    wreg      void 
 Registers used:
		wreg, fsr0l, fsr0h, status,2, status,0, pclath, cstack
 Tracked objects:
		On entry : 
		On exit  : 
		Unchanged: 
 Data sizes:     COMMON   BANK0   BANK1   BANK3   BANK2
      Params:         0       0       0       0       0
      Locals:         4       0       0       0       0
      Temps:          2       0       0       0       0
      Totals:         6       0       0       0       0
Total ram usage:        6 bytes
 Hardware stack levels used:    1
 Hardware stack levels required when called:    1
 This function calls:
		_eeprom_write
 This function is called by:
		_configurarPortao
		_iniciarMemoria
 This function uses a non-reentrant model


 *************** function _eeprom_write *****************
 Defined at:
		line 6 in file "C:\Program Files\Microchip\xc8\v2.31\pic\sources\c90\pic\__eewrite.c"
 Parameters:    Size  Location     Type
  addr            1    wreg     unsigned char 
  value           1    0[COMMON] unsigned char 
 Auto vars:     Size  Location     Type
  addr            1    2[COMMON] unsigned char 
 Return value:  Size  Location     Type
                  1    wreg      void 
 Registers used:
		wreg, status,2, status,0
 Tracked objects:
		On entry : 
		On exit  : 
		Unchanged: 
 Data sizes:     COMMON   BANK0   BANK1   BANK3   BANK2
      Params:         1       0       0       0       0
      Locals:         1       0       0       0       0
      Temps:          1       0       0       0       0
      Totals:         3       0       0       0       0
Total ram usage:        3 bytes
 Hardware stack levels used:    1
 This function calls:
		Nothing
 This function is called by:
		_escreverMemoria
 This function uses a non-reentrant model


 *************** function _entrarPortao *****************
 Defined at:
		line 5 in file "funcoes_portao.c"
 Parameters:    Size  Location     Type
		None
 Auto vars:     Size  Location     Type
  pin1            4    7[BANK0 ] unsigned char [4]
  pin             4    3[BANK0 ] unsigned char [4]
  leitura         1   12[BANK0 ] unsigned char 
  x               1   11[BANK0 ] unsigned char 
  i               1    0        unsigned char 
 Return value:  Size  Location     Type
                  1    wreg      unsigned char 
 Registers used:
		wreg, fsr0l, fsr0h, status,2, status,0, btemp+1, pclath, cstack
 Tracked objects:
		On entry : 
		On exit  : 
		Unchanged: 
 Data sizes:     COMMON   BANK0   BANK1   BANK3   BANK2
      Params:         0       0       0       0       0
      Locals:         0      10       0       0       0
      Temps:          0       3       0       0       0
      Totals:         0      13       0       0       0
Total ram usage:       13 bytes
 Hardware stack levels used:    1
 Hardware stack levels required when called:    4
 This function calls:
		_lcd_cmd
		_lcd_str
		_lerMemoria
		_lerSenha
		_serial_rx
		_serial_tx
		_serial_tx_str
		_testeSenha
 This function is called by:
		_main
		_configurarPortao
 This function uses a non-reentrant model


 *************** function _testeSenha *****************
 Defined at:
		line 135 in file "funcoes_portao.c"
 Parameters:    Size  Location     Type
  pin1            1    wreg     PTR PTR unsigned char 
		 -> configurarPortao@pin1(4), entrarPortao@pin(4), 
  pin2            1    0[COMMON] PTR PTR unsigned char 
		 -> configurarPortao@pin2(4), entrarPortao@pin1(4), 
 Auto vars:     Size  Location     Type
  pin1            1    5[COMMON] PTR PTR unsigned char 
		 -> configurarPortao@pin1(4), entrarPortao@pin(4), 
  i               1    6[COMMON] unsigned char 
  x               1    4[COMMON] unsigned char 
 Return value:  Size  Location     Type
                  1    wreg      unsigned char 
 Registers used:
		wreg, fsr0l, fsr0h, status,2, status,0
 Tracked objects:
		On entry : 
		On exit  : 
		Unchanged: 
 Data sizes:     COMMON   BANK0   BANK1   BANK3   BANK2
      Params:         1       0       0       0       0
      Locals:         3       0       0       0       0
      Temps:          3       0       0       0       0
      Totals:         7       0       0       0       0
Total ram usage:        7 bytes
 Hardware stack levels used:    1
 This function calls:
		Nothing
 This function is called by:
		_entrarPortao
		_configurarPortao
 This function uses a non-reentrant model


 *************** function _serial_tx_str *****************
 Defined at:
		line 48 in file "serial.c"
 Parameters:    Size  Location     Type
  val             2    1[COMMON] PTR const unsigned char 
		 -> STR_40(14), STR_38(13), STR_36(10), STR_34(11), 
		 -> STR_32(13), STR_30(9), STR_28(19), STR_26(18), 
		 -> STR_24(17), STR_22(15), STR_20(15), STR_18(12), 
		 -> STR_16(13), STR_14(14), STR_12(17), STR_10(16), 
		 -> STR_8(19), STR_6(18), STR_4(13), STR_2(18), 
 Auto vars:     Size  Location     Type
  i               1    4[COMMON] unsigned char 
 Return value:  Size  Location     Type
                  1    wreg      void 
 Registers used:
		wreg, fsr0l, fsr0h, status,2, status,0, btemp+1, pclath, cstack
 Tracked objects:
		On entry : 
		On exit  : 
		Unchanged: 
 Data sizes:     COMMON   BANK0   BANK1   BANK3   BANK2
      Params:         2       0       0       0       0
      Locals:         1       0       0       0       0
      Temps:          1       0       0       0       0
      Totals:         4       0       0       0       0
Total ram usage:        4 bytes
 Hardware stack levels used:    1
 Hardware stack levels required when called:    1
 This function calls:
		_serial_tx
 This function is called by:
		_main
		_entrarPortao
		_configurarPortao
 This function uses a non-reentrant model


 *************** function _lerSenha *****************
 Defined at:
		line 149 in file "funcoes_portao.c"
 Parameters:    Size  Location     Type
  pin1            1    wreg     PTR unsigned char 
		 -> configurarPortao@pin2(4), configurarPortao@pin1(4), entrarPortao@pin1(4), 
 Auto vars:     Size  Location     Type
  pin1            1   11[COMMON] PTR unsigned char 
		 -> configurarPortao@pin2(4), configurarPortao@pin1(4), entrarPortao@pin1(4), 
  i               1   13[COMMON] unsigned char 
  leitura         1   12[COMMON] unsigned char 
 Return value:  Size  Location     Type
                  1    wreg      void 
 Registers used:
		wreg, fsr0l, fsr0h, status,2, status,0, btemp+1, pclath, cstack
 Tracked objects:
		On entry : 
		On exit  : 
		Unchanged: 
 Data sizes:     COMMON   BANK0   BANK1   BANK3   BANK2
      Params:         0       0       0       0       0
      Locals:         3       0       0       0       0
      Temps:          3       0       0       0       0
      Totals:         6       0       0       0       0
Total ram usage:        6 bytes
 Hardware stack levels used:    1
 Hardware stack levels required when called:    3
 This function calls:
		_lcd_cmd
		_lcd_str
		_serial_rx
		_serial_tx
 This function is called by:
		_entrarPortao
		_configurarPortao
 This function uses a non-reentrant model


 *************** function _serial_tx *****************
 Defined at:
		line 43 in file "serial.c"
 Parameters:    Size  Location     Type
  val             1    wreg     unsigned char 
 Auto vars:     Size  Location     Type
  val             1    0[COMMON] unsigned char 
 Return value:  Size  Location     Type
                  1    wreg      void 
 Registers used:
		wreg
 Tracked objects:
		On entry : 
		On exit  : 
		Unchanged: 
 Data sizes:     COMMON   BANK0   BANK1   BANK3   BANK2
      Params:         0       0       0       0       0
      Locals:         1       0       0       0       0
      Temps:          0       0       0       0       0
      Totals:         1       0       0       0       0
Total ram usage:        1 bytes
 Hardware stack levels used:    1
 This function calls:
		Nothing
 This function is called by:
		_main
		_serial_tx_str
		_entrarPortao
		_configurarPortao
		_lerSenha
 This function uses a non-reentrant model


 *************** function _serial_rx *****************
 Defined at:
		line 57 in file "serial.c"
 Parameters:    Size  Location     Type
  timeout         2    0[COMMON] unsigned int 
 Auto vars:     Size  Location     Type
  to              2    0        unsigned int 
 Return value:  Size  Location     Type
                  1    wreg      unsigned char 
 Registers used:
		wreg, status,2
 Tracked objects:
		On entry : 
		On exit  : 
		Unchanged: 
 Data sizes:     COMMON   BANK0   BANK1   BANK3   BANK2
      Params:         2       0       0       0       0
      Locals:         2       0       0       0       0
      Temps:          0       0       0       0       0
      Totals:         4       0       0       0       0
Total ram usage:        4 bytes
 Hardware stack levels used:    1
 This function calls:
		Nothing
 This function is called by:
		_main
		_entrarPortao
		_configurarPortao
		_lerSenha
 This function uses a non-reentrant model


 *************** function _lcd_str *****************
 Defined at:
		line 70 in file "lcd.c"
 Parameters:    Size  Location     Type
  str             2    4[COMMON] PTR const unsigned char 
		 -> STR_42(2), STR_41(5), STR_39(13), STR_37(12), 
		 -> STR_35(9), STR_33(10), STR_31(12), STR_29(8), 
		 -> STR_27(17), STR_25(17), STR_23(15), STR_21(14), 
		 -> STR_19(14), STR_17(11), STR_15(11), STR_13(13), 
		 -> STR_11(16), STR_9(15), STR_7(18), STR_5(16), 
		 -> STR_3(12), STR_1(17), 
 Auto vars:     Size  Location     Type
  i               1    7[COMMON] unsigned char 
 Return value:  Size  Location     Type
                  1    wreg      void 
 Registers used:
		wreg, fsr0l, fsr0h, status,2, status,0, btemp+1, pclath, cstack
 Tracked objects:
		On entry : 
		On exit  : 
		Unchanged: 
 Data sizes:     COMMON   BANK0   BANK1   BANK3   BANK2
      Params:         2       0       0       0       0
      Locals:         1       0       0       0       0
      Temps:          1       0       0       0       0
      Totals:         4       0       0       0       0
Total ram usage:        4 bytes
 Hardware stack levels used:    1
 Hardware stack levels required when called:    2
 This function calls:
		_lcd_dat
 This function is called by:
		_main
		_entrarPortao
		_configurarPortao
		_lerSenha
 This function uses a non-reentrant model


 *************** function _lcd_dat *****************
 Defined at:
		line 40 in file "lcd.c"
 Parameters:    Size  Location     Type
  val             1    wreg     unsigned char 
 Auto vars:     Size  Location     Type
  val             1    3[COMMON] unsigned char 
 Return value:  Size  Location     Type
                  1    wreg      void 
 Registers used:
		wreg, status,2, status,0, pclath, cstack
 Tracked objects:
		On entry : 
		On exit  : 
		Unchanged: 
 Data sizes:     COMMON   BANK0   BANK1   BANK3   BANK2
      Params:         0       0       0       0       0
      Locals:         1       0       0       0       0
      Temps:          2       0       0       0       0
      Totals:         3       0       0       0       0
Total ram usage:        3 bytes
 Hardware stack levels used:    1
 Hardware stack levels required when called:    1
 This function calls:
		_lcd_wr
 This function is called by:
		_main
		_lcd_str
 This function uses a non-reentrant model


 *************** function _lcd_cmd *****************
 Defined at:
		line 29 in file "lcd.c"
 Parameters:    Size  Location     Type
  val             1    wreg     unsigned char 
 Auto vars:     Size  Location     Type
  val             1    3[COMMON] unsigned char 
 Return value:  Size  Location     Type
                  1    wreg      void 
 Registers used:
		wreg, status,2, status,0, pclath, cstack
 Tracked objects:
		On entry : 
		On exit  : 
		Unchanged: 
 Data sizes:     COMMON   BANK0   BANK1   BANK3   BANK2
      Params:         0       0       0       0       0
      Locals:         1       0       0       0       0
      Temps:          2       0       0       0       0
      Totals:         3       0       0       0       0
Total ram usage:        3 bytes
 Hardware stack levels used:    1
 Hardware stack levels required when called:    1
 This function calls:
		_lcd_wr
 This function is called by:
		_main
		_lcd_init
		_entrarPortao
		_configurarPortao
		_lerSenha
 This function uses a non-reentrant model


 *************** function _lcd_wr *****************
 Defined at:
		line 24 in file "lcd.c"
 Parameters:    Size  Location     Type
  val             1    wreg     unsigned char 
 Auto vars:     Size  Location     Type
  val             1    0[COMMON] unsigned char 
 Return value:  Size  Location     Type
                  1    wreg      void 
 Registers used:
		wreg
 Tracked objects:
		On entry : 
		On exit  : 
		Unchanged: 
 Data sizes:     COMMON   BANK0   BANK1   BANK3   BANK2
      Params:         0       0       0       0       0
      Locals:         1       0       0       0       0
      Temps:          0       0       0       0       0
      Totals:         1       0       0       0       0
Total ram usage:        1 bytes
 Hardware stack levels used:    1
 This function calls:
		Nothing
 This function is called by:
		_lcd_cmd
		_lcd_dat
 This function uses a non-reentrant model


 *************** function _lerMemoria *****************
 Defined at:
		line 177 in file "funcoes_portao.c"
 Parameters:    Size  Location     Type
  pin             1    wreg     PTR unsigned char 
		 -> entrarPortao@pin(4), 
 Auto vars:     Size  Location     Type
  pin             1    5[COMMON] PTR unsigned char 
		 -> entrarPortao@pin(4), 
  j               1    7[COMMON] unsigned char 
  i               1    6[COMMON] unsigned char 
  pos             1    0        unsigned char 
 Return value:  Size  Location     Type
                  1    wreg      void 
 Registers used:
		wreg, fsr0l, fsr0h, status,2, status,0, pclath, cstack
 Tracked objects:
		On entry : 
		On exit  : 
		Unchanged: 
 Data sizes:     COMMON   BANK0   BANK1   BANK3   BANK2
      Params:         0       0       0       0       0
      Locals:         4       0       0       0       0
      Temps:          2       0       0       0       0
      Totals:         6       0       0       0       0
Total ram usage:        6 bytes
 Hardware stack levels used:    1
 Hardware stack levels required when called:    1
 This function calls:
		_eeprom_read
 This function is called by:
		_entrarPortao
 This function uses a non-reentrant model


 *************** function _eeprom_read *****************
 Defined at:
		line 6 in file "C:\Program Files\Microchip\xc8\v2.31\pic\sources\c90\pic\__eeread.c"
 Parameters:    Size  Location     Type
  addr            1    wreg     unsigned char 
 Auto vars:     Size  Location     Type
  addr            1    1[COMMON] unsigned char 
 Return value:  Size  Location     Type
                  1    wreg      unsigned char 
 Registers used:
		wreg, status,2, status,0
 Tracked objects:
		On entry : 
		On exit  : 
		Unchanged: 
 Data sizes:     COMMON   BANK0   BANK1   BANK3   BANK2
      Params:         0       0       0       0       0
      Locals:         1       0       0       0       0
      Temps:          1       0       0       0       0
      Totals:         2       0       0       0       0
Total ram usage:        2 bytes
 Hardware stack levels used:    1
 This function calls:
		Nothing
 This function is called by:
		_lerMemoria
 This function uses a non-reentrant model



MODULE INFORMATION

Module		Function		Class		Link	Load	Size
serial.c
		_serial_rx     		CODE           	017D	0000	18
		_serial_tx     		CODE           	0152	0000	12
		_serial_init   		CODE           	015E	0000	14
		_serial_tx_str 		CODE           	0266	0000	43

serial.c estimated size: 87

funcoes_portao.c
		_configurarPortao		CODE           	05BA	0000	554
		_lerMemoria    		CODE           	01A6	0000	36
		_lerSenha      		CODE           	033C	0000	91
		_entrarPortao  		CODE           	0397	0000	139
		_escreverMemoria		CODE           	02BE	0000	46
		_iniciarMemoria		CODE           	016C	0000	17
		_testeSenha    		CODE           	01CA	0000	37

funcoes_portao.c estimated size: 920

C:\Program Files\Microchip\xc8\v2.31\pic\sources\c90\pic\__eewrite.c
		_eeprom_write  		CODE           	0291	0000	45

C:\Program Files\Microchip\xc8\v2.31\pic\sources\c90\pic\__eewrite.c estimated size: 45

shared
		__stringtab    		STRING         	0003	0000	18
		__initialization		CODE           	07E4	0000	24

shared estimated size: 42

C:\Program Files\Microchip\xc8\v2.31\pic\sources\c90\pic\__eeread.c
		_eeprom_read   		CODE           	018F	0000	23

C:\Program Files\Microchip\xc8\v2.31\pic\sources\c90\pic\__eeread.c estimated size: 23

lcd.c
		_lcd_cmd       		CODE           	01EF	0000	38
		_lcd_dat       		CODE           	0215	0000	38
		_lcd_wr        		CODE           	014C	0000	6
		_lcd_str       		CODE           	023B	0000	43
		_lcd_init      		CODE           	02EC	0000	80

lcd.c estimated size: 205

Portao_Eletronico_02.c
		_main          		CODE           	0422	0000	408

Portao_Eletronico_02.c estimated size: 408

